// Jest Snapshot v1, https://goo.gl/fbAQLP

exports[`Testing Label Component it should be rendered 1`] = `
<Text
  style={
    Array [
      Object {
        "fontFamily": "Poppins_400Regular",
        "fontSize": 18,
        "fontWeight": "600",
        "lineHeight": 28,
        "textAlign": "center",
      },
    ]
  }
>
  Testing
</Text>
`;
